[-1, 0] => Aged Brie, -2, 2 
[-1, 10] => Aged Brie, -2, 12 
[-1, 50] => Aged Brie, -2, 50 
[0, 0] => Aged Brie, -1, 2 
[0, 10] => Aged Brie, -1, 12 
[0, 50] => Aged Brie, -1, 50 
[4, 0] => Aged Brie, 3, 1 
[4, 10] => Aged Brie, 3, 11 
[4, 50] => Aged Brie, 3, 50 
[5, 0] => Aged Brie, 4, 1 
[5, 10] => Aged Brie, 4, 11 
[5, 50] => Aged Brie, 4, 50 
[6, 0] => Aged Brie, 5, 1 
[6, 10] => Aged Brie, 5, 11 
[6, 50] => Aged Brie, 5, 50 
[9, 0] => Aged Brie, 8, 1 
[9, 10] => Aged Brie, 8, 11 
[9, 50] => Aged Brie, 8, 50 
[10, 0] => Aged Brie, 9, 1 
[10, 10] => Aged Brie, 9, 11 
[10, 50] => Aged Brie, 9, 50 
[11, 0] => Aged Brie, 10, 1 
[11, 10] => Aged Brie, 10, 11 
[11, 50] => Aged Brie, 10, 50 
