[-1, 0] => Backstage passes to a TAFKAL80ETC concert, -2, 0 
[-1, 10] => Backstage passes to a TAFKAL80ETC concert, -2, 0 
[-1, 50] => Backstage passes to a TAFKAL80ETC concert, -2, 0 
[0, 0] => Backstage passes to a TAFKAL80ETC concert, -1, 0 
[0, 10] => Backstage passes to a TAFKAL80ETC concert, -1, 0 
[0, 50] => Backstage passes to a TAFKAL80ETC concert, -1, 0 
[4, 0] => Backstage passes to a TAFKAL80ETC concert, 3, 3 
[4, 10] => Backstage passes to a TAFKAL80ETC concert, 3, 13 
[4, 50] => Backstage passes to a TAFKAL80ETC concert, 3, 50 
[5, 0] => Backstage passes to a TAFKAL80ETC concert, 4, 3 
[5, 10] => Backstage passes to a TAFKAL80ETC concert, 4, 13 
[5, 50] => Backstage passes to a TAFKAL80ETC concert, 4, 50 
[6, 0] => Backstage passes to a TAFKAL80ETC concert, 5, 2 
[6, 10] => Backstage passes to a TAFKAL80ETC concert, 5, 12 
[6, 50] => Backstage passes to a TAFKAL80ETC concert, 5, 50 
[9, 0] => Backstage passes to a TAFKAL80ETC concert, 8, 2 
[9, 10] => Backstage passes to a TAFKAL80ETC concert, 8, 12 
[9, 50] => Backstage passes to a TAFKAL80ETC concert, 8, 50 
[10, 0] => Backstage passes to a TAFKAL80ETC concert, 9, 2 
[10, 10] => Backstage passes to a TAFKAL80ETC concert, 9, 12 
[10, 50] => Backstage passes to a TAFKAL80ETC concert, 9, 50 
[11, 0] => Backstage passes to a TAFKAL80ETC concert, 10, 1 
[11, 10] => Backstage passes to a TAFKAL80ETC concert, 10, 11 
[11, 50] => Backstage passes to a TAFKAL80ETC concert, 10, 50 
