[-1, 0] => Conjured, -2, 0 
[-1, 10] => Conjured, -2, 6 
[-1, 50] => Conjured, -2, 46 
[0, 0] => Conjured, -1, 0 
[0, 10] => Conjured, -1, 6 
[0, 50] => Conjured, -1, 46 
[4, 0] => Conjured, 3, 0 
[4, 10] => Conjured, 3, 8 
[4, 50] => Conjured, 3, 48 
[5, 0] => Conjured, 4, 0 
[5, 10] => Conjured, 4, 8 
[5, 50] => Conjured, 4, 48 
[6, 0] => Conjured, 5, 0 
[6, 10] => Conjured, 5, 8 
[6, 50] => Conjured, 5, 48 
[9, 0] => Conjured, 8, 0 
[9, 10] => Conjured, 8, 8 
[9, 50] => Conjured, 8, 48 
[10, 0] => Conjured, 9, 0 
[10, 10] => Conjured, 9, 8 
[10, 50] => Conjured, 9, 48 
[11, 0] => Conjured, 10, 0 
[11, 10] => Conjured, 10, 8 
[11, 50] => Conjured, 10, 48 
