[-1, 0] => Some other item, -2, 0 
[-1, 10] => Some other item, -2, 8 
[-1, 50] => Some other item, -2, 48 
[0, 0] => Some other item, -1, 0 
[0, 10] => Some other item, -1, 8 
[0, 50] => Some other item, -1, 48 
[4, 0] => Some other item, 3, 0 
[4, 10] => Some other item, 3, 9 
[4, 50] => Some other item, 3, 49 
[5, 0] => Some other item, 4, 0 
[5, 10] => Some other item, 4, 9 
[5, 50] => Some other item, 4, 49 
[6, 0] => Some other item, 5, 0 
[6, 10] => Some other item, 5, 9 
[6, 50] => Some other item, 5, 49 
[9, 0] => Some other item, 8, 0 
[9, 10] => Some other item, 8, 9 
[9, 50] => Some other item, 8, 49 
[10, 0] => Some other item, 9, 0 
[10, 10] => Some other item, 9, 9 
[10, 50] => Some other item, 9, 49 
[11, 0] => Some other item, 10, 0 
[11, 10] => Some other item, 10, 9 
[11, 50] => Some other item, 10, 49 
